
AQUÃ INICIA EL SCRIPT 00
[Workspace loaded from ~/PROYECTOS/PORTFOLIO/article-didaccnat/article_didacsci/.RData]

> # Lista de paquetes necesarios
> paquetes_necesarios <- c(
+   "bibliometrix",    # Core bibliometrics
+   "tidyverse",       # Data manipulation
+   "openxlsx",        # Excel export
+   "knitr",           # Reports
+   "kableExtra",      # Tables formatting
+   "dimensionsR",     # Alternative metrics (opcional)
+   "igraph",          # Network analysis
+   "ggplot2",         # Advanced plots
+   "ggraph",          # Network visualization
+   "viridis",         # Color palettes
+   "patchwork",       # Combine plots
+   "wordcloud2"       # Word clouds (opcional)
+ )
> 
> 
> # FunciÃ³n para instalar paquetes faltantes
> instalar_si_falta <- function(paquete) {
+   if (!require(paquete, character.only = TRUE)) {
+     install.packages(paquete, dependencies = TRUE)
+     library(paquete, character.only = TRUE)
+   }
+ }
> # Instalar y cargar todos los paquetes
> cat("Instalando paquetes necesarios...\n")
Instalando paquetes necesarios...
> invisible(sapply(paquetes_necesarios, instalar_si_falta))
Cargando paquete requerido: bibliometrix
Please note that our software is open source and available for use, distributed under the MIT license.
When it is used in a publication, we ask that authors properly cite the following reference:

Aria, M. & Cuccurullo, C. (2017) bibliometrix: An R-tool for comprehensive science mapping analysis,
                        Journal of Informetrics, 11(4), pp 959-975, Elsevier.

Failure to properly cite the software is considered a violation of the license.
                        
For information and bug reports:
                        - Take a look at https://www.bibliometrix.org
                        - Send an email to info@bibliometrix.org
                        - Write a post on https://github.com/massimoaria/bibliometrix/issues
                        
Help us to keep Bibliometrix and Biblioshiny free to download and use by contributing with a small donation to support our research team (https://bibliometrix.org/donate.html)

                        
To start with the Biblioshiny app, please digit:
biblioshiny()

Cargando paquete requerido: tidyverse
â”€â”€ Attaching core tidyverse packages â”€â”€â”€â”€â”€â”€â”€â”€â”€â”€â”€â”€â”€â”€â”€â”€â”€â”€â”€â”€â”€â”€â”€â”€â”€â”€â”€â”€â”€â”€â”€â”€â”€â”€â”€â”€â”€â”€â”€â”€â”€â”€â”€â”€â”€â”€â”€â”€â”€â”€â”€â”€â”€â”€â”€â”€â”€â”€â”€â”€ tidyverse 2.0.0 â”€â”€
âœ” dplyr     1.2.0     âœ” readr     2.1.6
âœ” forcats   1.0.1     âœ” stringr   1.6.0
âœ” ggplot2   4.0.2     âœ” tibble    3.3.1
âœ” lubridate 1.9.5     âœ” tidyr     1.3.2
âœ” purrr     1.2.1     
â”€â”€ Conflicts â”€â”€â”€â”€â”€â”€â”€â”€â”€â”€â”€â”€â”€â”€â”€â”€â”€â”€â”€â”€â”€â”€â”€â”€â”€â”€â”€â”€â”€â”€â”€â”€â”€â”€â”€â”€â”€â”€â”€â”€â”€â”€â”€â”€â”€â”€â”€â”€â”€â”€â”€â”€â”€â”€â”€â”€â”€â”€â”€â”€â”€â”€â”€â”€â”€â”€â”€â”€â”€â”€â”€â”€â”€â”€â”€â”€â”€â”€ tidyverse_conflicts() â”€â”€
âœ– dplyr::filter() masks stats::filter()
âœ– dplyr::lag()    masks stats::lag()
â„¹ Use the conflicted package to force all conflicts to become errors
Cargando paquete requerido: openxlsx
Cargando paquete requerido: knitr
Cargando paquete requerido: kableExtra

Adjuntando el paquete: â€˜kableExtraâ€™

The following object is masked from â€˜package:dplyrâ€™:

    group_rows

Cargando paquete requerido: dimensionsR
Cargando paquete requerido: igraph

Adjuntando el paquete: â€˜igraphâ€™

The following objects are masked from â€˜package:lubridateâ€™:

    %--%, union

The following objects are masked from â€˜package:dplyrâ€™:

    as_data_frame, groups, union

The following objects are masked from â€˜package:purrrâ€™:

    compose, simplify

The following object is masked from â€˜package:tidyrâ€™:

    crossing

The following object is masked from â€˜package:tibbleâ€™:

    as_data_frame

The following objects are masked from â€˜package:statsâ€™:

    decompose, spectrum

The following object is masked from â€˜package:baseâ€™:

    union

Cargando paquete requerido: ggraph
Cargando paquete requerido: viridis
Cargando paquete requerido: viridisLite
Cargando paquete requerido: patchwork
Cargando paquete requerido: wordcloud2
> cat("Todos los paquetes cargados exitosamente\n\n")
Todos los paquetes cargados exitosamente

> ruta_scopus <- "data/raw/scopus_export_Feb_9-2026_4a282d97-49f3-4a6d-9084-05a1dd2ac18e.bib"
> ruta_wos <- "data/raw/savedrecs.bib"
> # Verificar que los archivos existen
> if (!file.exists(ruta_scopus)) {
+   stop("ERROR: No se encuentra el archivo de Scopus en data/raw/
+        Por favor copia 'scopus_export_Feb_9-2026_4a282d97-49f3-4a6d-9084-05a1dd2ac18e.bib' a la carpeta data/raw/")
+ }
Error: ERROR: No se encuentra el archivo de Scopus en data/raw/
       Por favor copia 'scopus_export_Feb_9-2026_4a282d97-49f3-4a6d-9084-05a1dd2ac18e.bib' a la carpeta data/raw/

> cat("Cargando archivos bibliogrÃ¡ficos...\n")
Cargando archivos bibliogrÃ¡ficos...
> # Cargar archivo de Scopus
> tryCatch({
+   scopus_data <- convert2df(
+     file = ruta_scopus,
+     dbsource = "scopus",
+     format = "bibtex"
+   )
+   cat("Scopus cargado:", nrow(scopus_data), "registros\n")
+ }, error = function(e) {
+   cat("Error al cargar Scopus:", e$message, "\n")
+   stop("Verifica la ruta del archivo de Scopus")
+ })

Converting your scopus collection into a bibliographic dataframe


Warning:
In your file, some mandatory metadata are missing. Bibliometrix functions may not work properly!

Please, take a look at the vignettes:
- 'Data Importing and Converting' (https://www.bibliometrix.org/vignettes/Data-Importing-and-Converting.html)
- 'A brief introduction to bibliometrix' (https://www.bibliometrix.org/vignettes/Introduction_to_bibliometrix.html)


Missing fields:  CR 
Done!


Generating affiliation field tag AU_UN from C1:  Done!

Scopus cargado: 232 registros
> # Cargar archivo de Web of Science
> tryCatch({
+   wos_data <- convert2df(
+     file = ruta_wos,
+     dbsource = "wos",
+     format = "bibtex"
+   )
+   cat("WoS cargado:", nrow(wos_data), "registros\n")
+ }, error = function(e) {
+   cat(" Error al cargar WoS:", e$message, "\n")
+   stop("Verifica la ruta del archivo de WoS")
+ })

Converting your wos collection into a bibliographic dataframe

Done!


Generating affiliation field tag AU_UN from C1:  Done!

WoS cargado: 152 registros
> cat("\nFusionando bases de datos y eliminando duplicados...\n")

Fusionando bases de datos y eliminando duplicados...
> # Fusionar ambas bases
> M <- mergeDbSources(scopus_data, wos_data, remove.duplicated = TRUE)

 63 duplicated documents have been removed
> # Reporte de fusiÃ³n
> cat("\nRESUMEN DE FUSIÃ“N:\n")

RESUMEN DE FUSIÃ“N:
> cat("   - Registros Scopus:", nrow(scopus_data), "\n")
   - Registros Scopus: 232 
> cat("   - Registros WoS:", nrow(wos_data), "\n")
   - Registros WoS: 152 
> cat("   - Total antes de fusiÃ³n:", nrow(scopus_data) + nrow(wos_data), "\n")
   - Total antes de fusiÃ³n: 384 
> cat("   - Total despuÃ©s de fusiÃ³n:", nrow(M), "\n")
   - Total despuÃ©s de fusiÃ³n: 321 
> cat("   - Duplicados eliminados:", 
+     (nrow(scopus_data) + nrow(wos_data)) - nrow(M), "\n")
   - Duplicados eliminados: 63 
> cat("   - Tasa de solapamiento:", 
+     round(((nrow(scopus_data) + nrow(wos_data)) - nrow(M)) / 
+           (nrow(scopus_data) + nrow(wos_data)) * 100, 2), "%\n\n")
   - Tasa de solapamiento: 16.41 %

> cat("Generando estadÃ­sticas descriptivas...\n")
Generando estadÃ­sticas descriptivas...
> # AnÃ¡lisis bibliomÃ©trico bÃ¡sico
> resultados <- biblioAnalysis(M, sep = ";")
> # Resumen estadÃ­stico
> cat("\n" , "="*80, "\n")
Error en "=" * 80: argumento no-numÃ©rico para operador binario

> cat("ESTADÃSTICAS DESCRIPTIVAS DEL CORPUS\n")
ESTADÃSTICAS DESCRIPTIVAS DEL CORPUS
> cat("="*80, "\n\n")
Error en "=" * 80: argumento no-numÃ©rico para operador binario

> summary(object = resultados, k = 10, pause = FALSE)


MAIN INFORMATION ABOUT DATA

 Timespan                              2016 : 2026 
 Sources (Journals, Books, etc)        156 
 Documents                             321 
 Annual Growth Rate %                  -1.53 
 Document Average Age                  3.37 
 Average citations per doc             12.75 
 Average citations per year per doc    2.259 
 References                            1 
 
DOCUMENT TYPES                     
 article                    276 
 article; early access      12 
 review                     31 
 review; early access       2 
 
DOCUMENT CONTENTS
 Keywords Plus (ID)                    580 
 Author's Keywords (DE)                1071 
 
AUTHORS
 Authors                               1077 
 Author Appearances                    1147 
 Authors of single-authored docs       30 
 
AUTHORS COLLABORATION
 Single-authored docs                  31 
 Documents per Author                  0.298 
 Co-Authors per Doc                    3.57 
 International co-authorships %        10.28 
 

Annual Scientific Production

 Year    Articles
    2016       14
    2017        8
    2018       11
    2019       15
    2020       13
    2021       27
    2022       37
    2023       40
    2024       52
    2025       92
    2026       12

Annual Percentage Growth Rate -1.53 


Most Productive Authors

   Authors        Articles Authors        Articles Fractionalized
1     BOGNER F           4    BRODERICK N                    2.20
2     LAVONEN J          4    ACUT D                         1.50
3     BRODERICK N        3    BOGNER F                       1.50
4     FADDA D            3    TSAI C                         1.50
5     HUWER J            3    LAVONEN J                      1.33
6     ZHANG Y            3    YILMAZ O                       1.11
7     ACUT D             2    HUWER J                        1.08
8     AKGUNDUZ D         2    AIDOO B                        1.00
9     ASAKLE S           2    AKGUNDUZ D                     1.00
10    ASRIZAL A          2    ALMASRI F                      1.00


Top manuscripts per citations

                          Paper                                    DOI  TC TCperYear    NTC
1  STOET G, 2018, PSYCHOL SCI            10.1177/0956797617741719      744     82.67  7.953
2  ALMASRI F, 2024, RES SCI EDUC         10.1007/s11165-024-10176-3    166     55.33 22.716
3  SAVELSBERGH E, 2016, Educ. Res. Rev.  10.1016/j.edurev.2016.07.003  123     11.18  4.744
4  WU J, 2021, Interact. Learn. Environ. 10.1080/10494820.2019.1587469 101     16.83  6.184
5  KOERBER S, 2019, J COGN DEV           10.1080/15248372.2019.1620232  90     11.25  3.936
6  GOFF E, 2018, J SCI EDUC TECHNOL      10.1007/s10956-018-9734-4      87      9.67  0.930
7  LAMPROPOULOS G, 2023, EDUC SCI        10.3390/educsci13060618        65     16.25  4.943
8  OWENS A, 2020, RES SCI TECHNOL EDUC   10.1080/02635143.2020.1778663  64      9.14  2.840
9  OSBORNE J, 2023, Sci. Educ.           10.1002/sce.21790              58     14.50  4.411
10 TSAI C, 2018, Comput. \\& Educ.       10.1016/j.compedu.2017.08.009  51      5.67  0.545


Corresponding Author's Countries

          Country Articles   Freq SCP MCP MCP_Ratio
1  USA                  59 0.2100  55   4    0.0678
2  CHINA                29 0.1032  23   6    0.2069
3  GERMANY              29 0.1032  28   1    0.0345
4  SPAIN                12 0.0427  11   1    0.0833
5  INDONESIA            11 0.0391  11   0    0.0000
6  PHILIPPINES          11 0.0391  11   0    0.0000
7  TURKEY               10 0.0356  10   0    0.0000
8  UNITED KINGDOM        9 0.0320   7   2    0.2222
9  NETHERLANDS           8 0.0285   5   3    0.3750
10 AUSTRALIA             6 0.0214   4   2    0.3333


SCP: Single Country Publications

MCP: Multiple Country Publications


Total Citations per Country

     Country      Total Citations Average Article Citations
1  USA                        945                    16.017
2  UNITED KINGDOM             794                    88.222
3  GERMANY                    357                    12.310
4  CHINA                      353                    12.172
5  NETHERLANDS                233                    29.125
6  TURKEY                     175                    17.500
7  KUWAIT                     166                   166.000
8  GREECE                      75                    25.000
9  SPAIN                       74                     6.167
10 SWITZERLAND                 62                    12.400


Most Relevant Sources

                                                    Sources        Articles
1  INTERNATIONAL JOURNAL OF SCIENCE EDUCATION                            19
2  EDUCATION SCIENCES                                                    15
3  FRONTIERS IN EDUCATION                                                13
4  JOURNAL OF RESEARCH IN SCIENCE TEACHING                               10
5  RESEARCH IN SCIENCE EDUCATION                                          9
6  JOURNAL OF SCIENCE EDUCATION AND TECHNOLOGY                            8
7  RESEARCH IN SCIENCE \\& TECHNOLOGICAL EDUCATION                        7
8  SCIENCE EDUCATION INTERNATIONAL                                        6
9  ENVIRONMENTAL EDUCATION RESEARCH                                       5
10 EURASIA JOURNAL OF MATHEMATICS SCIENCE AND TECHNOLOGY EDUCATION        5


Most Relevant Keywords

   Author Keywords (DE)      Articles Keywords-Plus (ID)     Articles
1     SCIENCE EDUCATION            99      STUDENTS                43
2     STEM EDUCATION               40      INQUIRY                 37
3     SCIENTIFIC LITERACY          22      EDUCATION               36
4     INQUIRY-BASED LEARNING       21      SCIENCE-EDUCATION       28
5     EDUCATION                    19      KNOWLEDGE               27
6     SCIENCE                      14      SCIENCE                 20
7     STEM                         13      INSTRUCTION             16
8     CRITICAL THINKING            10      ACHIEVEMENT             14
9     INQUIRY                      10      TEACHERS                13
10    MOTIVATION                   10      ATTITUDES               12

> cat("\nðŸ” Evaluando completitud de campos clave...\n")

ðŸ” Evaluando completitud de campos clave...
> # FunciÃ³n para calcular % de completitud
> calcular_completitud <- function(campo) {
+   sum(!is.na(campo) & campo != "") / length(campo) * 100
+ }
> # Campos crÃ­ticos para evaluar
> campos_criticos <- c("TI", "AU", "SO", "PY", "AB", "DE", "ID", "TC", "DI")
> nombres_campos <- c("TÃ­tulo", "Autores", "Journal", "AÃ±o", "Abstract", 
+                    "Keywords Autor", "Keywords Plus", "Citaciones", "DOI")
> completitud <- data.frame(
+   Campo = nombres_campos,
+   Porcentaje = sapply(campos_criticos, function(x) {
+     if(x %in% names(M)) {
+       calcular_completitud(M[[x]])
+     } else {
+       0
+     }
+   })
+ )
> completitud <- completitud %>%
+   arrange(desc(Porcentaje)) %>%
+   mutate(Estado = case_when(
+     Porcentaje >= 90 ~ "Excelente",
+     Porcentaje >= 70 ~ "Bueno",
+     Porcentaje >= 50 ~ "Regular",
+     TRUE ~ "Deficiente"
+   ))
> print(completitud)
            Campo Porcentaje    Estado
TI         TÃ­tulo  100.00000 Excelente
AU        Autores  100.00000 Excelente
SO        Journal  100.00000 Excelente
PY            AÃ±o  100.00000 Excelente
AB       Abstract  100.00000 Excelente
TC     Citaciones  100.00000 Excelente
DE Keywords Autor   97.19626 Excelente
DI            DOI   96.88474 Excelente
ID  Keywords Plus   51.71340   Regular
> # Guardar tabla de completitud
> write.csv(completitud, "outputs/tablas/01_completitud_campos.csv", 
+           row.names = FALSE)
> cat("\nAnalizando distribuciÃ³n temporal...\n")

Analizando distribuciÃ³n temporal...
> # Crear tabla de producciÃ³n por aÃ±o
> produccion_anual <- M %>%
+   filter(!is.na(PY)) %>%
+   count(PY) %>%
+   arrange(PY) %>%
+   rename(AÃ±o = PY, Documentos = n) %>%
+   mutate(
+     Crecimiento = c(NA, diff(Documentos)),
+     Tasa_Crecimiento = round(Crecimiento / lag(Documentos) * 100, 1)
+   )
> # VisualizaciÃ³n
> p1 <- ggplot(produccion_anual, aes(x = AÃ±o, y = Documentos)) +
+   geom_line(color = "#2C3E50", size = 1) +
+   geom_point(color = "#E74C3C", size = 3) +
+   geom_smooth(method = "loess", se = TRUE, color = "#3498DB", alpha = 0.2) +
+   theme_minimal() +
+   labs(
+     title = "ProducciÃ³n CientÃ­fica Anual (2016-2026)",
+     subtitle = paste("Total:", nrow(M), "documentos"),
+     x = "AÃ±o",
+     y = "NÃºmero de Publicaciones"
+   ) +
+   theme(
+     plot.title = element_text(face = "bold", size = 14),
+     axis.text.x = element_text(angle = 45, hjust = 1)
+   )
Aviso:
Using `size` aesthetic for lines was deprecated in ggplot2 3.4.0.
â„¹ Please use `linewidth` instead.
This warning is displayed once per session.
Call lifecycle::last_lifecycle_warnings() to see where this warning was generated. 

> ggsave("outputs/figuras/01_produccion_anual.png", p1, 
+        width = 10, height = 6, dpi = 300)
`geom_smooth()` using formula = 'y ~ x'
> cat("\nAnalizando tipos de documentos...\n")

Analizando tipos de documentos...
> # DistribuciÃ³n por tipo
> tipos_doc <- M %>%
+   count(DT) %>%
+   arrange(desc(n)) %>%
+   mutate(
+     Porcentaje = round(n / sum(n) * 100, 1),
+     Tipo = ifelse(is.na(DT), "NO ESPECIFICADO", DT)
+   )
> print(tipos_doc)
                     DT   n Porcentaje                  Tipo
1               ARTICLE 276       86.0               ARTICLE
2                REVIEW  31        9.7                REVIEW
3 ARTICLE; EARLY ACCESS  12        3.7 ARTICLE; EARLY ACCESS
4  REVIEW; EARLY ACCESS   2        0.6  REVIEW; EARLY ACCESS
> # GrÃ¡fico de tipos de documento
> p2 <- ggplot(tipos_doc, aes(x = reorder(Tipo, n), y = n, fill = Tipo)) +
+   geom_col(show.legend = FALSE) +
+   geom_text(aes(label = paste0(n, " (", Porcentaje, "%)")), 
+             hjust = -0.1, size = 3) +
+   coord_flip() +
+   scale_fill_viridis_d() +
+   theme_minimal() +
+   labs(
+     title = "DistribuciÃ³n por Tipo de Documento",
+     x = NULL,
+     y = "NÃºmero de Documentos"
+   ) +
+   theme(plot.title = element_text(face = "bold"))
> ggsave("outputs/figuras/02_tipos_documento.png", p2, 
+        width = 10, height = 6, dpi = 300)
> cat("\nAnalizando idiomas...\n")

Analizando idiomas...
> idiomas <- M %>%
+   count(LA) %>%
+   arrange(desc(n)) %>%
+   mutate(
+     Porcentaje = round(n / sum(n) * 100, 1),
+     Idioma = ifelse(is.na(LA), "NO ESPECIFICADO", LA)
+   )
> print(head(idiomas, 10))
       LA   n Porcentaje  Idioma
1 ENGLISH 308       96.0 ENGLISH
2 SPANISH   8        2.5 SPANISH
3 TURKISH   2        0.6 TURKISH
4  FRENCH   1        0.3  FRENCH
5  GERMAN   1        0.3  GERMAN
6    THAI   1        0.3    THAI
> cat("\nIdentificando journals mÃ¡s productivos...\n")

Identificando journals mÃ¡s productivos...
> top_journals <- M %>%
+   filter(!is.na(SO)) %>%
+   count(SO) %>%
+   arrange(desc(n)) %>%
+   head(20) %>%
+   rename(Journal = SO, Documentos = n) %>%
+   mutate(Porcentaje = round(Documentos / nrow(M) * 100, 2))
> print(top_journals)
                                                            Journal Documentos Porcentaje
1                        INTERNATIONAL JOURNAL OF SCIENCE EDUCATION         19       5.92
2                                                EDUCATION SCIENCES         15       4.67
3                                            FRONTIERS IN EDUCATION         13       4.05
4                           JOURNAL OF RESEARCH IN SCIENCE TEACHING         10       3.12
5                                     RESEARCH IN SCIENCE EDUCATION          9       2.80
6                       JOURNAL OF SCIENCE EDUCATION AND TECHNOLOGY          8       2.49
7                   RESEARCH IN SCIENCE \\& TECHNOLOGICAL EDUCATION          7       2.18
8                                   SCIENCE EDUCATION INTERNATIONAL          6       1.87
9                                  ENVIRONMENTAL EDUCATION RESEARCH          5       1.56
10 EURASIA JOURNAL OF MATHEMATICS, SCIENCE AND TECHNOLOGY EDUCATION          5       1.56
11                                INTERACTIVE LEARNING ENVIRONMENTS          5       1.56
12                                    JOURNAL OF CHEMICAL EDUCATION          5       1.56
13                            JOURNAL OF COMPUTER ASSISTED LEARNING          5       1.56
14                                  JURNAL PENDIDIKAN IPA INDONESIA          5       1.56
15                        CHEMISTRY EDUCATION RESEARCH AND PRACTICE          4       1.25
16    DISCIPLINARY AND INTERDISCIPLINARY SCIENCE EDUCATION RESEARCH          4       1.25
17                           EDUCATION AND INFORMATION TECHNOLOGIES          4       1.25
18                              JOURNAL OF BALTIC SCIENCE EDUCATION          4       1.25
19 NEW PERSPECTIVES IN SCIENCE EDUCATION - INTERNATIONAL CONFERENCE          4       1.25
20                  RESEARCH IN SCIENCE AND TECHNOLOGICAL EDUCATION          4       1.25
> # Guardar
> write.csv(top_journals, "outputs/tablas/02_top_journals.csv", 
+           row.names = FALSE)
> cat("\nAnalizando distribuciÃ³n geogrÃ¡fica...\n")

Analizando distribuciÃ³n geogrÃ¡fica...
> # Extraer paÃ­ses de afiliaciones
> paises <- M %>%
+   select(AU_CO) %>%
+   filter(!is.na(AU_CO)) %>%
+   separate_rows(AU_CO, sep = ";") %>%
+   mutate(AU_CO = trimws(AU_CO)) %>%
+   filter(AU_CO != "") %>%
+   count(AU_CO) %>%
+   arrange(desc(n)) %>%
+   head(20) %>%
+   rename(Pais = AU_CO, Documentos = n) %>%
+   mutate(Porcentaje = round(Documentos / nrow(M) * 100, 2))
Error in `select()`:
! Can't select columns that don't exist.
âœ– Column `AU_CO` doesn't exist.
Run `rlang::last_trace()` to see where the error occurred.

> print(paises)
Error: objeto 'paises' no encontrado

> # GrÃ¡fico de paÃ­ses
> p3 <- ggplot(head(paises, 15), aes(x = reorder(Pais, Documentos), 
+                                     y = Documentos, fill = Documentos)) +
+   geom_col(show.legend = FALSE) +
+   geom_text(aes(label = Documentos), hjust = -0.2, size = 3) +
+   coord_flip() +
+   scale_fill_viridis_c(option = "plasma") +
+   theme_minimal() +
+   labs(
+     title = "Top 15 PaÃ­ses por ProducciÃ³n CientÃ­fica",
+     x = NULL,
+     y = "NÃºmero de Documentos"
+   ) +
+   theme(plot.title = element_text(face = "bold"))
Error: objeto 'paises' no encontrado

> ggsave("outputs/figuras/03_top_paises.png", p3, 
+        width = 10, height = 7, dpi = 300)
Error: objeto 'p3' no encontrado

> cat("\nðŸ’¾ Guardando datos consolidados...\n")

ðŸ’¾ Guardando datos consolidados...
> # Guardar el dataframe fusionado en varios formatos
> saveRDS(M, file = "outputs/datos_fusionados.rds")
> write.csv(M, "outputs/datos_fusionados.csv", row.names = FALSE)
> # Exportar a Excel con mÃºltiples hojas
> wb <- createWorkbook()
> # Hoja 1: Datos completos
> addWorksheet(wb, "Datos_Completos")
> writeData(wb, "Datos_Completos", M)
> # Hoja 2: Completitud
> addWorksheet(wb, "Completitud_Campos")
> writeData(wb, "Completitud_Campos", completitud)
> # Hoja 3: ProducciÃ³n anual
> addWorksheet(wb, "Produccion_Anual")
> writeData(wb, "Produccion_Anual", produccion_anual)
> # Hoja 4: Top journals
> addWorksheet(wb, "Top_Journals")
> writeData(wb, "Top_Journals", top_journals)
> # Hoja 5: Top paÃ­ses
> addWorksheet(wb, "Top_Paises")
> writeData(wb, "Top_Paises", paises)
Error: objeto 'paises' no encontrado

> # Guardar Excel
> saveWorkbook(wb, "outputs/01_diagnostico_completo.xlsx", overwrite = TRUE)
> cat("Archivo Excel guardado: outputs/01_diagnostico_completo.xlsx\n")
Archivo Excel guardado: outputs/01_diagnostico_completo.xlsx
> cat("\n" , "="*80, "\n")
Error en "=" * 80: argumento no-numÃ©rico para operador binario

> cat("DIAGNÃ“STICO INICIAL COMPLETADO\n")
DIAGNÃ“STICO INICIAL COMPLETADO
> cat("="*80, "\n\n")
Error en "=" * 80: argumento no-numÃ©rico para operador binario

> cat("Archivos generados:\n")
Archivos generados:
> cat("outputs/datos_fusionados.rds (datos en formato R)\n")
outputs/datos_fusionados.rds (datos en formato R)
> cat("outputs/datos_fusionados.csv (datos en CSV)\n")
outputs/datos_fusionados.csv (datos en CSV)
> cat("outputs/01_diagnostico_completo.xlsx (Excel con mÃºltiples hojas)\n")
outputs/01_diagnostico_completo.xlsx (Excel con mÃºltiples hojas)
> cat("outputs/figuras/*.png (3 grÃ¡ficos)\n")
outputs/figuras/*.png (3 grÃ¡ficos)
> cat("outputs/tablas/*.csv (2 tablas)\n\n")
outputs/tablas/*.csv (2 tablas)

> cat("PRÃ“XIMOS PASOS:\n")
PRÃ“XIMOS PASOS:
> cat("  1. Revisar el archivo Excel generado\n")
  1. Revisar el archivo Excel generado
> cat("  2. Verificar grÃ¡ficos en la carpeta 'figuras'\n")
  2. Verificar grÃ¡ficos en la carpeta 'figuras'
> cat("  3. Ejecutar script 02 para anÃ¡lisis de keywords\n")
  3. Ejecutar script 02 para anÃ¡lisis de keywords
> cat("  4. Ejecutar script 03 para anÃ¡lisis de co-citaciÃ³n\n\n")
  4. Ejecutar script 03 para anÃ¡lisis de co-citaciÃ³n

> cat("=")
=
> 
> # ==============================================================================
> # ==============================================================================
> # FIN DEL SCRIPT
> # ==============================================================================
> # FIN DEL SCRIPT
> # ==============================================================================
> # ==============================================================================
> # FIN DEL SCRIPT
> # ==============================================================================

AQUÃ INICIA EL SCRIPT 01
> cat("Configurando repositorio CRAN...\n")
Configurando repositorio CRAN...
> options(repos = c(CRAN = "https://cloud.r-project.org/"))
> paquetes_core <- c(
+   # === BIBLIOMETRÃA ===
+   "bibliometrix",        # AnÃ¡lisis bibliomÃ©trico principal
+   "dimensionsR",         # MÃ©tricas alternativas (opcional)
+   
+   # === MANIPULACIÃ“N DE DATOS ===
+   "tidyverse",          # Suite completa: dplyr, ggplot2, tidyr, readr, etc.
+   "data.table",         # ManipulaciÃ³n rÃ¡pida de datos grandes
+   "janitor",            # Limpieza de nombres de columnas
+   
+   # === PROCESAMIENTO DE TEXTO / NLP ===
+   "tm",                 # Text mining
+   "SnowballC",          # Stemming
+   "wordcloud",          # Word clouds
+   "RColorBrewer",       # Paletas de colores
+   "quanteda",           # AnÃ¡lisis cuantitativo de texto
+   "topicmodels",        # LDA topic modeling
+   "ldatuning",          # OptimizaciÃ³n de nÃºmero de topics
+   "stm",                # Structural topic modeling
+   "text2vec",           # Word embeddings
+   
+   # === ANÃLISIS DE REDES ===
+   "igraph",             # AnÃ¡lisis de redes
+   "ggraph",             # VisualizaciÃ³n de redes con ggplot2
+   "tidygraph",          # ManipulaciÃ³n de redes con tidyverse
+   "networkD3",          # GrÃ¡ficos de red interactivos
+   "visNetwork",         # VisualizaciÃ³n interactiva de redes
+   
+   # === VISUALIZACIÃ“N AVANZADA ===
+   "ggplot2",            # GrÃ¡ficos core (viene en tidyverse)
+   "patchwork",          # Combinar mÃºltiples plots
+   "ggrepel",            # Etiquetas sin solapamiento
+   "ggthemes",           # Temas adicionales para ggplot2
+   "viridis",            # Paletas de colores cientÃ­ficas
+   "scales",             # Formateo de escalas
+   "ggpubr",             # PublicaciÃ³n-ready plots
+   "cowplot",            # Combinar plots estilo publicaciÃ³n
+   "gganimate",          # Animaciones (opcional)
+   "plotly",             # GrÃ¡ficos interactivos
+   "ggalluvial",         # Sankey/Alluvial diagrams
+   "circlize",           # Chord diagrams
+   "treemap",            # Tree maps
+   "ggwordcloud",        # Word clouds con ggplot2
+   
+   # === ESTADÃSTICA ===
+   "Hmisc",              # EstadÃ­sticas descriptivas avanzadas
+   "psych",              # AnÃ¡lisis psicomÃ©trico
+   "FactoMineR",         # PCA y anÃ¡lisis factorial
+   "factoextra",         # VisualizaciÃ³n de PCA
+   
+   # === EXPORTACIÃ“N ===
+   "openxlsx",           # Excel (moderno, sin Java)
+   "writexl",            # Excel alternativo
+   "knitr",              # Reportes dinÃ¡micos
+   "kableExtra",         # Tablas formateadas
+   "flextable",          # Tablas flexibles para Word/PowerPoint
+   "officer",            # Exportar a Word/PowerPoint
+   "gt",                 # Grammar of tables
+   "DT",                 # Tablas interactivas HTML
+   
+   # === UTILIDADES ===
+   "here",               # Manejo de rutas relativas
+   "glue",               # String interpolation
+   "lubridate",          # Manejo de fechas
+   "stringr"             # ManipulaciÃ³n de strings (viene en tidyverse)
+ )
> instalar_con_progreso <- function(paquete) {
+   if (!require(paquete, character.only = TRUE, quietly = TRUE)) {
+     cat(sprintf("Instalando: %s\n", paquete))
+     tryCatch({
+       install.packages(paquete, dependencies = TRUE, quiet = FALSE)
+       library(paquete, character.only = TRUE)
+       cat(sprintf("    %s instalado correctamente\n", paquete))
+       return(TRUE)
+     }, error = function(e) {
+       cat(sprintf("    Error instalando %s: %s\n", paquete, e$message))
+       return(FALSE)
+     })
+   } else {
+     cat(sprintf("âœ“ %s ya estÃ¡ instalado\n", paquete))
+     return(TRUE)
+   }
+ }
> cat("\nIniciando instalaciÃ³n de", length(paquetes_core), "paquetes...\n")

Iniciando instalaciÃ³n de 49 paquetes...
> # Contador de Ã©xito/fallo
> exitos <- 0
> fallos <- 0
> paquetes_fallidos <- c()
> # Instalar cada paquete con feedback
> for (i in seq_along(paquetes_core)) {
+   paquete <- paquetes_core[i]
+   cat(sprintf("\n[%d/%d] ", i, length(paquetes_core)))
+   
+   if (instalar_con_progreso(paquete)) {
+     exitos <- exitos + 1
+   } else {
+     fallos <- fallos + 1
+     paquetes_fallidos <- c(paquetes_fallidos, paquete)
+   }
+   
+   # PequeÃ±a pausa para no saturar CRAN
+   Sys.sleep(0.5)
+ }

[1/49] âœ“ bibliometrix ya estÃ¡ instalado

[2/49] âœ“ dimensionsR ya estÃ¡ instalado

[3/49] âœ“ tidyverse ya estÃ¡ instalado

[4/49] 
data.table 1.18.2.1 usando 8 hilos (ver ?getDTthreads).  Ãšltimas novedades: r-datatable.com
**********
Ejecutando data.table en EspaÃ±ol. El soporte del paquete estÃ¡ disponible solo en inglÃ©s. Cuando busque ayuda en lÃ­nea, asegÃºrese de comprobar tambiÃ©n el mensaje de error en inglÃ©s, examinando los archivos po/R-<locale>.po y po/<locale>.po en el cÃ³digo fuente del paquete. AllÃ­ se encuentran los mensajes de error en el idioma nativo y en inglÃ©s uno al lado del otro. Puede intentar llamar Sys.setLanguage('en') antes de reproducir el mensaje de error.
**********

Adjuntando el paquete: â€˜data.tableâ€™

The following objects are masked from â€˜package:lubridateâ€™:

    hour, isoweek, isoyear, mday, minute, month, quarter, second, wday, week, yday, year

The following objects are masked from â€˜package:dplyrâ€™:

    between, first, last

The following object is masked from â€˜package:purrrâ€™:

    transpose
âœ“ data.table ya estÃ¡ instalado

[5/49] 
Adjuntando el paquete: â€˜janitorâ€™

The following objects are masked from â€˜package:statsâ€™:

    chisq.test, fisher.test
âœ“ janitor ya estÃ¡ instalado

[6/49] 
Adjuntando el paquete: â€˜NLPâ€™

The following object is masked from â€˜package:ggplot2â€™:

    annotate
âœ“ tm ya estÃ¡ instalado

[7/49] âœ“ SnowballC ya estÃ¡ instalado

[8/49] âœ“ wordcloud ya estÃ¡ instalado

[9/49] âœ“ RColorBrewer ya estÃ¡ instalado

[10/49] 
Package version: 4.3.1
Unicode version: 15.1
ICU version: 74.1
Parallel computing: 16 of 16 threads used.
See https://quanteda.io for tutorials and examples.

Adjuntando el paquete: â€˜quantedaâ€™

The following object is masked from â€˜package:tmâ€™:

    stopwords

The following objects are masked from â€˜package:NLPâ€™:

    meta, meta<-
âœ“ quanteda ya estÃ¡ instalado

[11/49] âœ“ topicmodels ya estÃ¡ instalado

[12/49] Instalando: ldatuning
WARNING: Rtools is required to build R packages but is not currently installed. Please download and install the appropriate version of Rtools before proceeding:

https://cran.rstudio.com/bin/windows/Rtools/
Installing package into â€˜C:/Users/marco/AppData/Local/R/win-library/4.5â€™
(as â€˜libâ€™ is unspecified)
    Error instalando ldatuning: no hay paquete llamado â€˜ldatuningâ€™

[13/49] 
stm v1.3.8 successfully loaded. See ?stm for help. 
 Papers, resources, and other materials at structuraltopicmodel.com
âœ“ stm ya estÃ¡ instalado

[14/49] 
Adjuntando el paquete: â€˜text2vecâ€™

The following object is masked from â€˜package:topicmodelsâ€™:

    perplexity

The following object is masked from â€˜package:igraphâ€™:

    normalize
âœ“ text2vec ya estÃ¡ instalado

[15/49] âœ“ igraph ya estÃ¡ instalado

[16/49] âœ“ ggraph ya estÃ¡ instalado

[17/49] 
Adjuntando el paquete: â€˜tidygraphâ€™

The following object is masked from â€˜package:quantedaâ€™:

    convert

The following object is masked from â€˜package:igraphâ€™:

    groups

The following object is masked from â€˜package:statsâ€™:

    filter
âœ“ tidygraph ya estÃ¡ instalado

[18/49] âœ“ networkD3 ya estÃ¡ instalado

[19/49] âœ“ visNetwork ya estÃ¡ instalado

[20/49] âœ“ ggplot2 ya estÃ¡ instalado

[21/49] âœ“ patchwork ya estÃ¡ instalado

[22/49] âœ“ ggrepel ya estÃ¡ instalado

[23/49] âœ“ ggthemes ya estÃ¡ instalado

[24/49] âœ“ viridis ya estÃ¡ instalado

[25/49] 
Adjuntando el paquete: â€˜scalesâ€™

The following object is masked from â€˜package:viridisâ€™:

    viridis_pal

The following object is masked from â€˜package:purrrâ€™:

    discard

The following object is masked from â€˜package:readrâ€™:

    col_factor
âœ“ scales ya estÃ¡ instalado

[26/49] âœ“ ggpubr ya estÃ¡ instalado

[27/49] 
Adjuntando el paquete: â€˜cowplotâ€™

The following object is masked from â€˜package:ggpubrâ€™:

    get_legend

The following object is masked from â€˜package:ggthemesâ€™:

    theme_map

The following object is masked from â€˜package:patchworkâ€™:

    align_plots

The following object is masked from â€˜package:lubridateâ€™:

    stamp
âœ“ cowplot ya estÃ¡ instalado

[28/49] âœ“ gganimate ya estÃ¡ instalado

[29/49] 
Adjuntando el paquete: â€˜plotlyâ€™

The following object is masked from â€˜package:igraphâ€™:

    groups

The following object is masked from â€˜package:ggplot2â€™:

    last_plot

The following object is masked from â€˜package:statsâ€™:

    filter

The following object is masked from â€˜package:graphicsâ€™:

    layout
âœ“ plotly ya estÃ¡ instalado

[30/49] âœ“ ggalluvial ya estÃ¡ instalado

[31/49] 
========================================
circlize version 0.4.17
CRAN page: https://cran.r-project.org/package=circlize
Github page: https://github.com/jokergoo/circlize
Documentation: https://jokergoo.github.io/circlize_book/book/

If you use it in published research, please cite:
Gu, Z. circlize implements and enhances circular visualization
  in R. Bioinformatics 2014.

This message can be suppressed by:
  suppressPackageStartupMessages(library(circlize))
========================================


Adjuntando el paquete: â€˜circlizeâ€™

The following object is masked from â€˜package:igraphâ€™:

    degree
âœ“ circlize ya estÃ¡ instalado

[32/49] âœ“ treemap ya estÃ¡ instalado

[33/49] âœ“ ggwordcloud ya estÃ¡ instalado

[34/49] 
Adjuntando el paquete: â€˜Hmiscâ€™

The following object is masked from â€˜package:plotlyâ€™:

    subplot

The following objects are masked from â€˜package:dplyrâ€™:

    src, summarize

The following objects are masked from â€˜package:baseâ€™:

    format.pval, units
âœ“ Hmisc ya estÃ¡ instalado

[35/49] 
Adjuntando el paquete: â€˜psychâ€™

The following object is masked from â€˜package:Hmiscâ€™:

    describe

The following objects are masked from â€˜package:scalesâ€™:

    alpha, rescale

The following objects are masked from â€˜package:ggplot2â€™:

    %+%, alpha
âœ“ psych ya estÃ¡ instalado

[36/49] âœ“ FactoMineR ya estÃ¡ instalado

[37/49] 
Welcome! Want to learn more? See two factoextra-related books at https://goo.gl/ve3WBa
âœ“ factoextra ya estÃ¡ instalado

[38/49] âœ“ openxlsx ya estÃ¡ instalado

[39/49] âœ“ writexl ya estÃ¡ instalado

[40/49] âœ“ knitr ya estÃ¡ instalado

[41/49] âœ“ kableExtra ya estÃ¡ instalado

[42/49] 
Adjuntando el paquete: â€˜flextableâ€™

The following object is masked from â€˜package:circlizeâ€™:

    fontsize

The following objects are masked from â€˜package:plotlyâ€™:

    highlight, style

The following objects are masked from â€˜package:ggpubrâ€™:

    border, font, rotate

The following object is masked from â€˜package:igraphâ€™:

    compose

The following objects are masked from â€˜package:kableExtraâ€™:

    as_image, footnote

The following object is masked from â€˜package:purrrâ€™:

    compose
âœ“ flextable ya estÃ¡ instalado

[43/49] âœ“ officer ya estÃ¡ instalado

[44/49] 
Adjuntando el paquete: â€˜gtâ€™

The following objects are masked from â€˜package:Hmiscâ€™:

    html, latex

The following object is masked from â€˜package:cowplotâ€™:

    as_gtable
âœ“ gt ya estÃ¡ instalado

[45/49] 
Adjuntando el paquete: â€˜DTâ€™

The following object is masked from â€˜package:networkD3â€™:

    JS
âœ“ DT ya estÃ¡ instalado

[46/49] 
here() starts at C:/Users/marco/Documents/PROYECTOS/PORTFOLIO/article-didaccnat/article_didacsci
âœ“ here ya estÃ¡ instalado

[47/49] 
Adjuntando el paquete: â€˜glueâ€™

The following object is masked from â€˜package:bibliometrixâ€™:

    trim
âœ“ glue ya estÃ¡ instalado

[48/49] âœ“ lubridate ya estÃ¡ instalado

[49/49] âœ“ stringr ya estÃ¡ instalado
Aviso:
package â€˜ldatuningâ€™ is not available for this version of R

A version of this package for your version of R might be available elsewhere,
see the ideas at
https://cran.r-project.org/doc/manuals/r-patched/R-admin.html#Installing-packages 
> cat("\n")

> cat("REPORTE DE INSTALACIÃ“N\n")
REPORTE DE INSTALACIÃ“N
> cat("="*80, "\n")
Error en "=" * 80: argumento no-numÃ©rico para operador binario

> cat(sprintf(" Exitosos: %d/%d\n", exitos, length(paquetes_core)))
 Exitosos: 48/49
> cat(sprintf(" Fallidos: %d/%d\n", fallos, length(paquetes_core)))
 Fallidos: 1/49
> if (fallos > 0) {
+   cat("\nPaquetes que fallaron:\n")
+   for (pkg in paquetes_fallidos) {
+     cat(sprintf("   - %s\n", pkg))
+   }
+   cat("\nSOLUCIÃ“N: Intenta instalar los fallidos manualmente:\n")
+   cat(sprintf('   install.packages(c("%s"))\n', 
+               paste(paquetes_fallidos, collapse = '", "')))
+ }

Paquetes que fallaron:
   - ldatuning

SOLUCIÃ“N: Intenta instalar los fallidos manualmente:
   install.packages(c("ldatuning"))
> cat("\nVerificando paquetes crÃ­ticos...\n")

Verificando paquetes crÃ­ticos...
> paquetes_criticos <- c("bibliometrix", "tidyverse", "igraph", "tm", "topicmodels")
> todos_ok <- TRUE
> for (pkg in paquetes_criticos) {
+   if (require(pkg, character.only = TRUE, quietly = TRUE)) {
+     cat(sprintf(" %s: OK\n", pkg))
+   } else {
+     cat(sprintf(" %s: FALTA\n", pkg))
+     todos_ok <- FALSE
+   }
+ }
 bibliometrix: OK
 tidyverse: OK
 igraph: OK
 tm: OK
 topicmodels: OK
> if (require("bibliometrix", quietly = TRUE)) {
+   cat("\nProbando bibliometrix...\n")
+   tryCatch({
+     # Test simple
+     data(scientometrics, package = "bibliometrixData")
+     cat(" bibliometrix funciona correctamente\n")
+   }, error = function(e) {
+     cat("bibliometrix instalado pero puede tener problemas:\n")
+     cat("   ", e$message, "\n")
+   })
+ }

Probando bibliometrix...
 bibliometrix funciona correctamente
> cat("\n")

> if (todos_ok && fallos == 0) {
+   cat("Â¡INSTALACIÃ“N COMPLETADA EXITOSAMENTE!\n")
+   cat("="*80, "\n")
+   cat("\n Tu entorno R estÃ¡ listo para el anÃ¡lisis bibliomÃ©trico.\n")
+   cat("\nPRÃ“XIMOS PASOS:\n")
+   cat("   1. Cierra este script\n")
+   cat("   2. Abre '01_diagnostico_inicial.R'\n")
+   cat("   3. Ejecuta el anÃ¡lisis completo\n")
+   cat("\nTIP: Guarda este script por si necesitas reinstalar en el futuro\n")
+ } else {
+   cat("INSTALACIÃ“N COMPLETADA CON ADVERTENCIAS\n")
+   cat("="*80, "\n")
+   cat("\nAlgunos paquetes no se instalaron. Puedes continuar, pero algunas\n")
+   cat("funcionalidades pueden no estar disponibles.\n")
+   cat("\nOPCIONES:\n")
+   cat("   1. Reintentar la instalaciÃ³n de paquetes fallidos manualmente\n")
+   cat("   2. Continuar con los paquetes instalados exitosamente\n")
+   cat("   3. Buscar ayuda para paquetes especÃ­ficos que fallaron\n")
+ }
INSTALACIÃ“N COMPLETADA CON ADVERTENCIAS
Error en "=" * 80: argumento no-numÃ©rico para operador binario

> cat("\n")

> cat("\nðŸ“‹ INFORMACIÃ“N DE TU SESIÃ“N R:\n")

ðŸ“‹ INFORMACIÃ“N DE TU SESIÃ“N R:
> print(sessionInfo())
R version 4.5.2 (2025-10-31 ucrt)
Platform: x86_64-w64-mingw32/x64
Running under: Windows 11 x64 (build 26200)

Matrix products: default
  LAPACK version 3.12.1

locale:
[1] LC_COLLATE=Spanish_Colombia.utf8  LC_CTYPE=Spanish_Colombia.utf8    LC_MONETARY=Spanish_Colombia.utf8
[4] LC_NUMERIC=C                      LC_TIME=Spanish_Colombia.utf8    

time zone: America/Bogota
tzcode source: internal

attached base packages:
[1] stats     graphics  grDevices utils     datasets  methods   base     

other attached packages:
 [1] glue_1.8.0          here_1.0.2          DT_0.34.0           gt_1.3.0            officer_0.7.3      
 [6] flextable_0.9.10    writexl_1.5.4       factoextra_1.0.7    FactoMineR_2.13     psych_2.6.1        
[11] Hmisc_5.2-5         ggwordcloud_0.6.2   treemap_2.4-4       circlize_0.4.17     ggalluvial_0.12.5  
[16] plotly_4.12.0       gganimate_1.0.11    cowplot_1.2.0       ggpubr_0.6.2        scales_1.4.0       
[21] ggthemes_5.2.0      ggrepel_0.9.6       visNetwork_2.1.4    networkD3_0.4.1     tidygraph_1.3.1    
[26] text2vec_0.6.6      stm_1.3.8           topicmodels_0.2-17  quanteda_4.3.1      wordcloud_2.6      
[31] RColorBrewer_1.1-3  SnowballC_0.7.1     tm_0.7-17           NLP_0.3-2           janitor_2.2.1      
[36] data.table_1.18.2.1 wordcloud2_0.2.1    patchwork_1.3.2     viridis_0.6.5       viridisLite_0.4.3  
[41] ggraph_2.2.2        igraph_2.2.1        dimensionsR_0.0.3   kableExtra_1.4.0    knitr_1.51         
[46] openxlsx_4.2.8.1    lubridate_1.9.5     forcats_1.0.1       stringr_1.6.0       dplyr_1.2.0        
[51] purrr_1.2.1         readr_2.1.6         tidyr_1.3.2         tibble_3.3.1        ggplot2_4.0.2      
[56] tidyverse_2.0.0     bibliometrix_5.2.1 

loaded via a namespace (and not attached):
  [1] fs_1.6.6                httr_1.4.7              tools_4.5.2             backports_1.5.0        
  [5] R6_2.6.1                lazyeval_0.2.2          mgcv_1.9-3              withr_3.0.2            
  [9] prettyunits_1.2.0       gridExtra_2.3           cli_3.6.5               textshaping_1.0.4      
 [13] flashClust_1.01-2       sandwich_3.1-1          labeling_0.4.3          slam_0.1-55            
 [17] mvtnorm_1.3-3           S7_0.2.1                askpass_1.2.1           systemfonts_1.3.1      
 [21] pubmedR_0.0.3           foreign_0.8-90          svglite_2.2.2           stringdist_0.9.17      
 [25] rentrez_1.2.4           readxl_1.4.5            rstudioapi_0.18.0       generics_0.1.4         
 [29] shape_1.4.6.1           vroom_1.7.0             car_3.1-5               zip_2.3.3              
 [33] leaps_3.2               Matrix_1.7-4            openalexR_3.0.1         abind_1.4-8            
 [37] lifecycle_1.0.5         scatterplot3d_0.3-44    multcomp_1.4-29         snakecase_0.11.1       
 [41] carData_3.0-6           grid_4.5.2              promises_1.5.0          crayon_1.5.3           
 [45] lattice_0.22-7          magick_2.9.0            pillar_1.11.1           estimability_1.5.1     
 [49] stopwords_2.3           codetools_0.2-20        fastmatch_1.1-8         pdftools_3.7.0         
 [53] fontLiberation_0.1.0    qpdf_1.4.1              float_0.3-3             vctrs_0.7.1            
 [57] png_0.1-8               cellranger_1.1.0        gtable_0.3.6            cachem_1.1.0           
 [61] xfun_0.56               mime_0.13               coda_0.19-4.1           survival_3.8-3         
 [65] TH.data_1.1-5           nlme_3.1-168            bit64_4.6.0-1           fontquiver_0.2.1       
 [69] progress_1.2.3          rprojroot_2.1.1         data.tree_1.2.0         otel_0.2.0             
 [73] rpart_4.1.24            colorspace_2.1-2        nnet_7.3-20             mnormt_2.1.2           
 [77] tidyselect_1.2.1        emmeans_2.0.1           bit_4.6.0               compiler_4.5.2         
 [81] httr2_1.2.2             htmlTable_2.4.3         lgr_0.5.2               xml2_1.5.2             
 [85] fontBitstreamVera_0.1.1 rsparse_0.5.3           checkmate_2.3.4         multcompView_0.1-10    
 [89] rappdirs_0.3.4          digest_0.6.39           rmarkdown_2.30          ca_0.71.1              
 [93] RhpcBLASctl_0.23-42     htmltools_0.5.9         pkgconfig_2.0.3         base64enc_0.1-6        
 [97] contentanalysis_0.2.1   fastmap_1.2.0           rlang_1.1.7             GlobalOptions_0.1.3    
[101] htmlwidgets_1.6.4       shiny_1.12.1            farver_2.1.2            zoo_1.8-15             
[105] jsonlite_2.0.0          rscopus_0.9.0           tokenizers_0.3.0        magrittr_2.0.4         
[109] modeltools_0.2-24       Formula_1.2-5           bibliometrixData_0.3.0  Rcpp_1.1.1             
[113] shinycssloaders_1.1.0   gdtools_0.4.4           stringi_1.8.7           MASS_7.3-65            
[117] plyr_1.8.9              parallel_4.5.2          mlapi_0.1.1             graphlayouts_1.2.2     
[121] splines_4.5.2           gridtext_0.1.5          hms_1.1.4               uuid_1.2-2             
[125] ggsignif_0.6.4          stats4_4.5.2            XML_3.99-0.20           evaluate_1.0.5         
[129] tidytext_0.4.3          tzdb_0.5.0              tweenr_2.0.3            httpuv_1.6.16          
[133] openssl_2.3.4           polyclip_1.10-7         gridBase_0.4-7          ggforce_0.5.0          
[137] broom_1.0.12            xtable_1.8-4            janeaustenr_1.0.0       rstatix_0.7.3          
[141] later_1.4.5             ragg_1.5.0              memoise_2.0.1           cluster_2.1.8.1        
[145] timechange_0.4.0       
> 
> # ==============================================================================
> 
> }
Error: inesperado '}' en "}"

> install.packages(c("ldatuning"))
WARNING: Rtools is required to build R packages but is not currently installed. Please download and install the appropriate version of Rtools before proceeding:

https://cran.rstudio.com/bin/windows/Rtools/
Installing package into â€˜C:/Users/marco/AppData/Local/R/win-library/4.5â€™
(as â€˜libâ€™ is unspecified)
Aviso:
package â€˜ldatuningâ€™ is not available for this version of R

A version of this package for your version of R might be available elsewhere,
see the ideas at
https://cran.r-project.org/doc/manuals/r-patched/R-admin.html#Installing-packages 